// Jest Snapshot v1, https://goo.gl/fbAQLP

exports[`Link matches snapshot 1`] = `
<DocumentFragment>
  <a
    class="cursor-pointer"
    href="/"
  >
    Test
  </a>
</DocumentFragment>
`;
